Using seed: 12345
Ranked (lottery teams worst->best):
[
  { pick: 1, team: 'WAS' },
  { pick: 2, team: 'IND' },
  { pick: 3, team: 'BKN' },
  { pick: 4, team: 'CHA' },
  { pick: 5, team: 'SAC' },
  { pick: 6, team: 'DAL' },
  { pick: 7, team: 'UTA' },
  { pick: 8, team: 'MEM' },
  { pick: 9, team: 'POR' },
  { pick: 10, team: 'MIL' },
  { pick: 11, team: 'GSW' },
  { pick: 12, team: 'BOS' },
  { pick: 13, team: 'ORL' },
  { pick: 14, team: 'CHI' }
]
Lottery detailed winners:
{
  "seed": 12345,
  "winners": [
    {
      "pick": 1,
      "team": "ORL",
      "rank": 13,
      "start": 996,
      "end": 1010,
      "weight": 15,
      "oddsPct": 1.5
    },
    {
      "pick": 2,
      "team": "BKN",
      "rank": 3,
      "start": 281,
      "end": 420,
      "weight": 140,
      "oddsPct": 14.000000000000002
    },
    {
      "pick": 3,
      "team": "SAC",
      "rank": 5,
      "start": 546,
      "end": 650,
      "weight": 105,
      "oddsPct": 10.5
    },
    {
      "pick": 4,
      "team": "MEM",
      "rank": 8,
      "start": 816,
      "end": 875,
      "weight": 60,
      "oddsPct": 6
    }
  ],
  "ranges": [
    {
      "team": "WAS",
      "rank": 1,
      "start": 1,
      "end": 140,
      "weight": 140,
      "oddsPct": 14.000000000000002
    },
    {
      "team": "IND",
      "rank": 2,
      "start": 141,
      "end": 280,
      "weight": 140,
      "oddsPct": 14.000000000000002
    },
    {
      "team": "BKN",
      "rank": 3,
      "start": 281,
      "end": 420,
      "weight": 140,
      "oddsPct": 14.000000000000002
    },
    {
      "team": "CHA",
      "rank": 4,
      "start": 421,
      "end": 545,
      "weight": 125,
      "oddsPct": 12.5
    },
    {
      "team": "SAC",
      "rank": 5,
      "start": 546,
      "end": 650,
      "weight": 105,
      "oddsPct": 10.5
    },
    {
      "team": "DAL",
      "rank": 6,
      "start": 651,
      "end": 740,
      "weight": 90,
      "oddsPct": 9
    },
    {
      "team": "UTA",
      "rank": 7,
      "start": 741,
      "end": 815,
      "weight": 75,
      "oddsPct": 7.5
    },
    {
      "team": "MEM",
      "rank": 8,
      "start": 816,
      "end": 875,
      "weight": 60,
      "oddsPct": 6
    },
    {
      "team": "POR",
      "rank": 9,
      "start": 876,
      "end": 920,
      "weight": 45,
      "oddsPct": 4.5
    },
    {
      "team": "MIL",
      "rank": 10,
      "start": 921,
      "end": 950,
      "weight": 30,
      "oddsPct": 3
    },
    {
      "team": "GSW",
      "rank": 11,
      "start": 951,
      "end": 975,
      "weight": 25,
      "oddsPct": 2.5
    },
    {
      "team": "BOS",
      "rank": 12,
      "start": 976,
      "end": 995,
      "weight": 20,
      "oddsPct": 2
    },
    {
      "team": "ORL",
      "rank": 13,
      "start": 996,
      "end": 1010,
      "weight": 15,
      "oddsPct": 1.5
    },
    {
      "team": "CHI",
      "rank": 14,
      "start": 1011,
      "end": 1020,
      "weight": 10,
      "oddsPct": 1
    }
  ]
}
Initial first round (post-lottery mapping):
[
  { pick: 1, team: 'WAS' },
  { pick: 2, team: 'IND' },
  { pick: 3, team: 'BKN' },
  { pick: 4, team: 'CHA' },
  { pick: 5, team: 'SAC' },
  { pick: 6, team: 'DAL' },
  { pick: 7, team: 'UTA' },
  { pick: 8, team: 'MEM' },
  { pick: 9, team: 'POR' },
  { pick: 10, team: 'MIL' },
  { pick: 11, team: 'GSW' },
  { pick: 12, team: 'BOS' },
  { pick: 13, team: 'ORL' },
  { pick: 14, team: 'CHI' },
  { pick: 15, team: 'PHI' },
  { pick: 16, team: 'NYK' },
  { pick: 17, team: 'ATL' },
  { pick: 18, team: 'MIN' },
  { pick: 19, team: 'MIA' },
  { pick: 20, team: 'PHX' }
]
Final first round after resolving trades:
[
  {
    pick: 1,
    originalTeam: 'WAS',
    newOwner: 'WAS',
    description: [ 'Own' ],
    isTraded: false
  },
  {
    pick: 2,
    originalTeam: 'IND',
    newOwner: 'NOP',
    description: [ 'To NOP (as part of IND acquiring TOR pick)' ],
    isTraded: true
  },
  {
    pick: 3,
    originalTeam: 'BKN',
    newOwner: 'HOU',
    description: [ 'To HOU (as part of BKN acquiring HOU pick)' ],
    isTraded: true
  },
  {
    pick: 4,
    originalTeam: 'CHA',
    newOwner: 'CHA',
    description: [ 'Own' ],
    isTraded: false
  },
  {
    pick: 5,
    originalTeam: 'SAC',
    newOwner: 'SAC',
    description: [ 'Own' ],
    isTraded: false
  },
  {
    pick: 6,
    originalTeam: 'DAL',
    newOwner: 'DAL',
    description: [ 'Own' ],
    isTraded: false
  },
  {
    pick: 7,
    originalTeam: 'UTA',
    newOwner: 'UTA',
    description: [ '1-8 Own; 9-30 to OKC' ],
    isTraded: false
  },
  {
    pick: 8,
    originalTeam: 'MEM',
    newOwner: 'MEM',
    description: [
      'Two most favorable of (i) MEM, (ii) less favorable of PHX and WAS 1-8 [or (ii) PHX if WAS not conveyable] and (iii) ORL then least favorable of (i), (ii) and (iii) to CHA (via WAS swap for PHX; via MEM swap of ORL for PHX or WAS; via MEM swap for PHX, WAS or ORL; via PHX to CHA)'
    ],
    isTraded: false
  },
  {
    pick: 9,
    originalTeam: 'POR',
    newOwner: 'POR',
    description: [ '1-14 Own; 15-30 to CHI' ],
    isTraded: false
  },
  {
    pick: 10,
    originalTeam: 'MIL',
    newOwner: 'MIL',
    description: [ 'Own' ],
    isTraded: false
  },
  {
    pick: 11,
    originalTeam: 'GSW',
    newOwner: 'GSW',
    description: [ 'Own' ],
    isTraded: false
  },
  {
    pick: 12,
    originalTeam: 'BOS',
    newOwner: 'BOS',
    description: [ 'Own' ],
    isTraded: false
  },
  {
    pick: 13,
    originalTeam: 'ORL',
    newOwner: 'MEM',
    description: [
      'Two most favorable of (i) MEM, (ii) less favorable of PHX and WAS 1-8 [or (ii) PHX if WAS not conveyable] and (iii) ORL then least favorable of (i), (ii) and (iii) to CHA (via WAS swap for PHX; via MEM swap of ORL for PHX or WAS; via MEM swap for PHX, WAS or ORL; via PHX to CHA)'
    ],
    isTraded: true
  },
  {
    pick: 14,
    originalTeam: 'CHI',
    newOwner: 'CHI',
    description: [ 'Own' ],
    isTraded: false
  },
  {
    pick: 15,
    originalTeam: 'PHI',
    newOwner: 'OKC',
    description: [ '1-4 Own; 5-30 to OKC' ],
    isTraded: true
  },
  {
    pick: 16,
    originalTeam: 'NYK',
    newOwner: 'NYK',
    description: [ 'Own' ],
    isTraded: false
  },
  {
    pick: 17,
    originalTeam: 'ATL',
    newOwner: 'ATL',
    description: [ 'Own' ],
    isTraded: false
  },
  {
    pick: 18,
    originalTeam: 'MIN',
    newOwner: 'MIN',
    description: [ 'Own' ],
    isTraded: false
  },
  {
    pick: 19,
    originalTeam: 'MIA',
    newOwner: 'MIA',
    description: [ 'Own' ],
    isTraded: false
  },
  {
    pick: 20,
    originalTeam: 'PHX',
    newOwner: 'CHA',
    description: [
      'Two most favorable of (i) MEM, (ii) less favorable of PHX and WAS 1-8 [or (ii) PHX if WAS not conveyable] and (iii) ORL then least favorable of (i), (ii) and (iii) to CHA (via WAS swap for PHX; via MEM swap of ORL for PHX or WAS; via MEM swap for PHX, WAS or ORL; via PHX to CHA)'
    ],
    isTraded: true
  }
]
Final second round sample:
[
  {
    pick: 31,
    originalTeam: 'WAS',
    newOwner: 'WAS',
    description: [ 'Own' ],
    isTraded: false
  },
  {
    pick: 32,
    originalTeam: 'NOP',
    newOwner: 'BOS',
    description: [
      'Most favorable of MIN, NYK, NOP and POR (via MIN to NYK; via NOP to POR to NOP; via POR to DET to BOS)'
    ],
    isTraded: true
  },
  {
    pick: 33,
    originalTeam: 'IND',
    newOwner: 'MEM',
    description: [
      'Less favorable of (i) BOS and (ii) more favorable of IND and MIA to ATL then most favorable of all to MEM or to BRK [MEM can swap this pick for LAC; LAC then conveyed to HOU which then conveyed to BRK] (via MIA to IND to MIL; via MEM swap of IND or MIA for BOS; via BOS to ATL)'
    ],
    isTraded: true
  },
  {
    pick: 34,
    originalTeam: 'BKN',
    newOwner: 'BKN',
    description: [ 'Own' ],
    isTraded: false
  },
  {
    pick: 35,
    originalTeam: 'CHA',
    newOwner: 'DET',
    description: [ '31-55 to DET' ],
    isTraded: true
  },
  {
    pick: 36,
    originalTeam: 'SAC',
    newOwner: 'SAC',
    description: [ 'Own' ],
    isTraded: false
  },
  {
    pick: 37,
    originalTeam: 'DAL',
    newOwner: 'OKC',
    description: [
      'Most favorable of DAL, OKC and PHL to OKC; second most favorable to PHX and least favorable to WAS (via OKC to HOU to PHX; via OKC to MIA to SAN to WAS)'
    ],
    isTraded: true
  },
  {
    pick: 38,
    originalTeam: 'LAC',
    newOwner: 'BKN',
    description: [
      'Less favorable of (i) LAC and (ii) most favorable of BOS, IND and MIA (via MIA to IND to MIL; via MEM swap of IND or MIA for BOS; via MEM swap of BOS, IND or MIA for LAC; via LAC to HOU to BRK)'
    ],
    isTraded: true
  },
  {
    pick: 39,
    originalTeam: 'UTA',
    newOwner: 'MIL',
    description: [ '31-55 to MIL; 56-60 to SAS' ],
    isTraded: true
  },
  {
    pick: 40,
    originalTeam: 'MEM',
    newOwner: 'POR',
    description: [ '31-42 to POR (via UTH to GOS); 43-60 to LAC (via UTH to ATL)' ],
    isTraded: true
  }
]
Combined full order (1..):
[
  {
    pick: 1,
    originalTeam: 'WAS',
    newOwner: 'WAS',
    description: [ 'Own' ],
    isTraded: false
  },
  {
    pick: 2,
    originalTeam: 'IND',
    newOwner: 'NOP',
    description: [ 'To NOP (as part of IND acquiring TOR pick)' ],
    isTraded: true
  },
  {
    pick: 3,
    originalTeam: 'BKN',
    newOwner: 'HOU',
    description: [ 'To HOU (as part of BKN acquiring HOU pick)' ],
    isTraded: true
  },
  {
    pick: 4,
    originalTeam: 'CHA',
    newOwner: 'CHA',
    description: [ 'Own' ],
    isTraded: false
  },
  {
    pick: 5,
    originalTeam: 'SAC',
    newOwner: 'SAC',
    description: [ 'Own' ],
    isTraded: false
  },
  {
    pick: 6,
    originalTeam: 'DAL',
    newOwner: 'DAL',
    description: [ 'Own' ],
    isTraded: false
  },
  {
    pick: 7,
    originalTeam: 'UTA',
    newOwner: 'UTA',
    description: [ '1-8 Own; 9-30 to OKC' ],
    isTraded: false
  },
  {
    pick: 8,
    originalTeam: 'MEM',
    newOwner: 'MEM',
    description: [
      'Two most favorable of (i) MEM, (ii) less favorable of PHX and WAS 1-8 [or (ii) PHX if WAS not conveyable] and (iii) ORL then least favorable of (i), (ii) and (iii) to CHA (via WAS swap for PHX; via MEM swap of ORL for PHX or WAS; via MEM swap for PHX, WAS or ORL; via PHX to CHA)'
    ],
    isTraded: false
  },
  {
    pick: 9,
    originalTeam: 'POR',
    newOwner: 'POR',
    description: [ '1-14 Own; 15-30 to CHI' ],
    isTraded: false
  },
  {
    pick: 10,
    originalTeam: 'MIL',
    newOwner: 'MIL',
    description: [ 'Own' ],
    isTraded: false
  },
  {
    pick: 11,
    originalTeam: 'GSW',
    newOwner: 'GSW',
    description: [ 'Own' ],
    isTraded: false
  },
  {
    pick: 12,
    originalTeam: 'BOS',
    newOwner: 'BOS',
    description: [ 'Own' ],
    isTraded: false
  },
  {
    pick: 13,
    originalTeam: 'ORL',
    newOwner: 'MEM',
    description: [
      'Two most favorable of (i) MEM, (ii) less favorable of PHX and WAS 1-8 [or (ii) PHX if WAS not conveyable] and (iii) ORL then least favorable of (i), (ii) and (iii) to CHA (via WAS swap for PHX; via MEM swap of ORL for PHX or WAS; via MEM swap for PHX, WAS or ORL; via PHX to CHA)'
    ],
    isTraded: true
  },
  {
    pick: 14,
    originalTeam: 'CHI',
    newOwner: 'CHI',
    description: [ 'Own' ],
    isTraded: false
  },
  {
    pick: 15,
    originalTeam: 'PHI',
    newOwner: 'OKC',
    description: [ '1-4 Own; 5-30 to OKC' ],
    isTraded: true
  },
  {
    pick: 16,
    originalTeam: 'NYK',
    newOwner: 'NYK',
    description: [ 'Own' ],
    isTraded: false
  },
  {
    pick: 17,
    originalTeam: 'ATL',
    newOwner: 'ATL',
    description: [ 'Own' ],
    isTraded: false
  },
  {
    pick: 18,
    originalTeam: 'MIN',
    newOwner: 'MIN',
    description: [ 'Own' ],
    isTraded: false
  },
  {
    pick: 19,
    originalTeam: 'MIA',
    newOwner: 'MIA',
    description: [ 'Own' ],
    isTraded: false
  },
  {
    pick: 20,
    originalTeam: 'PHX',
    newOwner: 'CHA',
    description: [
      'Two most favorable of (i) MEM, (ii) less favorable of PHX and WAS 1-8 [or (ii) PHX if WAS not conveyable] and (iii) ORL then least favorable of (i), (ii) and (iii) to CHA (via WAS swap for PHX; via MEM swap of ORL for PHX or WAS; via MEM swap for PHX, WAS or ORL; via PHX to CHA)'
    ],
    isTraded: true
  },
  {
    pick: 21,
    originalTeam: 'CLE',
    newOwner: 'CLE',
    description: [ 'Own' ],
    isTraded: false
  },
  {
    pick: 22,
    originalTeam: 'SAS',
    newOwner: 'SAS',
    description: [ 'Own' ],
    isTraded: false
  },
  {
    pick: 23,
    originalTeam: 'TOR',
    newOwner: 'IND',
    description: [ 'Own (via TOR to NOP)' ],
    isTraded: true
  },
  {
    pick: 24,
    originalTeam: 'HOU',
    newOwner: 'BKN',
    description: [ 'Own (via HOU)' ],
    isTraded: true
  },
  {
    pick: 25,
    originalTeam: 'LAL',
    newOwner: 'LAL',
    description: [ 'Own' ],
    isTraded: false
  },
  {
    pick: 26,
    originalTeam: 'DEN',
    newOwner: 'DEN',
    description: [ 'Own' ],
    isTraded: false
  },
  {
    pick: 27,
    originalTeam: 'DET',
    newOwner: 'DET',
    description: [ 'Own' ],
    isTraded: false
  },
  {
    pick: 28,
    originalTeam: 'OKC',
    newOwner: 'OKC',
    description: [ 'Own' ],
    isTraded: false
  },
  {
    pick: 31,
    originalTeam: 'WAS',
    newOwner: 'WAS',
    description: [ 'Own' ],
    isTraded: false
  },
  {
    pick: 32,
    originalTeam: 'NOP',
    newOwner: 'BOS',
    description: [
      'Most favorable of MIN, NYK, NOP and POR (via MIN to NYK; via NOP to POR to NOP; via POR to DET to BOS)'
    ],
    isTraded: true
  }
]
Sweep 200 seeds - traded pick counts (pick: times traded):
{
  '2': 200,
  '3': 200,
  '13': 200,
  '15': 200,
  '20': 200,
  '23': 200,
  '24': 200
}
